I'm sorry, but errors were detected in your script. Please correct the
errors listed below, and try again.


File "game/screens.rpy", line 363: u'show' is not a keyword argument or valid child for the screen statement.
    show sparkt at bounce
        ^

Ren'Py Version: Ren'Py 7.3.5.606
Sun Nov 29 23:12:53 2020
